LD370 MAP  SUMUP  ENTRY @@CRT0 000000  LENGTH 0115C8

SECTION   TYPE  ORIGIN  LENGTH  SOURCE
          PC    000000  000278  $LIB/crt0.o
  @@CRT0        000000
          PC    000278  0000F8  sumup.o
  @@MAIN        000280
  MAIN          00028C
          PC    000370  0001EC  $LIB/libc.a(@@crtset.o) autocall
  @@CRTSET      00037C
          PC    000560  0000E8  $LIB/libc.a(@@grtset.o) autocall
  @@GRTSET      00056C
          PC    000648  0001B0  $LIB/libc.a(@@crtget.o) autocall
  @@CRTGET      000688
          PC    0007F8  0007E4  $LIB/libc.a(@@start.o) autocall
  @@START       0009C8
          PC    000FE0  000398  $LIB/libc.a(@@exit.o) autocall
  @@EXIT        000FE0
          PC    001378  00007C  $LIB/libc.a(atoi.o) autocall
  ATOI          001378
ADDUP     SD    0013F8  000028  ./libsum.a(addup.o) autocall
REPORT    SD    001420  000060  ./libsum.a(report.o) autocall
          PC    001480  0000B8  $LIB/libc.a(@@ppaget.o) autocall
  @@PPAGET      001480
          PC    001538  0000C4  $LIB/libc.a(@@lk.o) autocall
  @@LK          00154C
          PC    001600  00010C  $LIB/libc.a(calloc.o) autocall
  CALLOC        001600
          PC    001710  0000B0  $LIB/libc.a(@@arcou.o) autocall
  @@ARCOU       001718
          PC    0017C0  0001D0  $LIB/libc.a(@@aradd.o) autocall
  @@ARADD       0017C8
          PC    001990  0000C0  $LIB/libc.a(@@lkunlk.o) autocall
  @@LKUNLK      0019A4
          PC    001A50  00006C  $LIB/libc.a(wtof.o) autocall
  WTOF          001A50
          PC    001AC0  00009C  $LIB/libc.a(wtodumpf.o) autocall
  WTODUMPF      001AC0
          PC    001B60  000084  $LIB/libc.a(@@errno.o) autocall
  @@ERRNO       001B64
          PC    001BE8  000074  $LIB/libc.a(@@grtget.o) autocall
  @@GRTGET      001BE8
          PC    001C60  00089C  $LIB/libc.a(fopen.o) autocall
  FOPEN         001C68
          PC    002500  000078  $LIB/libc.a(@@gtout.o) autocall
  @@GTOUT       002500
          PC    002578  000064  $LIB/libc.a(@@exita.o) autocall
  @@EXITA       002578
          PC    0025E0  000078  $LIB/libc.a(@@gterr.o) autocall
  @@GTERR       0025E0
          PC    002658  000080  $LIB/libc.a(printf.o) autocall
  PRINTF        002658
          PC    0026D8  000158  $LIB/libc.a(fclose.o) autocall
  FCLOSE        0026E0
          PC    002830  000078  $LIB/libc.a(@@gtin.o) autocall
  @@GTIN        002830
          PC    0028A8  0000B8  $LIB/libc.a(fprintf.o) autocall
  FPRINTF       0028A8
          PC    002960  000288  $LIB/libc.a(loadenv.o) autocall
  LOADENV       002964
          PC    002BE8  00033C  $LIB/libc.a(tzset.o) autocall
  TZSET         002C88
          PC    002F28  000090  $LIB/libc.a(strchr.o) autocall
  STRCHR        002F28
          PC    002FB8  0000D0  $LIB/libc.a(@@arfre.o) autocall
  @@ARFRE       002FC0
          PC    003088  000074  $LIB/libc.a(free.o) autocall
  FREE          003088
          PC    003100  0003E0  $LIB/libc.a(strtol.o) autocall
  STRTOL        003128
          PC    0034E0  000074  $LIB/libc.a(sprintf.o) autocall
  SPRINTF       0034E0
          PC    003558  0001F0  $LIB/libc.a(@@enqdeq.o) autocall
  @@ENQDEQ      003558
          PC    003748  0000EC  $LIB/libc.a(malloc.o) autocall
  MALLOC        003768
          PC    003838  0000C4  $LIB/libc.a(@@arnew.o) autocall
  @@ARNEW       003840
          PC    003900  000148  $LIB/libc.a(vwtof.o) autocall
  VWTOF         003900
          PC    003A48  000090  $LIB/libc.a(vsprintf.o) autocall
  VSPRINTF      003A48
          PC    003AD8  0002CC  $LIB/libc.a(wtodump.o) autocall
  WTODUMP       003B24
          PC    003DA8  00039C  $LIB/libc.a(@@fpmode.o) autocall
  @@FPMODE      003DBC
          PC    004148  000208  $LIB/libc.a(@@tolow.o) autocall
  @@TOLOW       00434C
          PC    004350  000208  $LIB/libc.a(@@toup.o) autocall
  @@TOUP        004554
          PC    004558  0007D8  $LIB/libc.a(@@fpopen.o) autocall
  @@FPOPEN      004660
          PC    004D30  000744  $LIB/libc.a(@@fpstar.o) autocall
  @@FPSTAR      004DD8
          PC    005478  000050  $LIB/libc.a(@@getpfx.o) autocall
  @@GETPFX      005478
          PC    0054C8  000180  $LIB/libc.a(@@fpshr.o) autocall
  @@FPSHR       0054C8
          PC    005648  000804  $LIB/libc.a(@@fptmp.o) autocall
  @@FPTMP       0056C4
          PC    005E50  0001C0  $LIB/libc.a(@@fpold.o) autocall
  @@FPOLD       005E50
          PC    006010  0009D8  $LIB/libc.a(@@fpnew.o) autocall
  @@FPNEW       0060B0
          PC    0069E8  000760  $LIB/libc.a(@@fpswt.o) autocall
  @@FPSWT       0069E8
  @@FPUPC       006F44
          PC    007148  0000FC  $LIB/libc.a(@@grtres.o) autocall
  @@GRTRES      007154
          PC    007248  000138  $LIB/libc.a(@@crtres.o) autocall
  @@CRTRES      007248
          PC    007380  000078  $LIB/libc.a(vfprintf.o) autocall
  VFPRINTF      007380
          PC    0073F8  000874  $LIB/libc.a(@@fflush.o) autocall
  @@FFLUSH      0073F8
  @@FFLNL       007468
          PC    007C70  000148  $LIB/libc.a(@@aclose.o) autocall
  @@ACLOSE      007C70
          PC    007DB8  00017C  $LIB/libc.a(@@fpterm.o) autocall
  @@FPTERM      007DB8
          PC    007F38  000410  $LIB/libc.a(vsnprint.o) autocall
  VSNPRINT      007F48
          PC    008348  0000C8  $LIB/libc.a(fwrite.o) autocall
  FWRITE        008348
          PC    008410  00008C  $LIB/libc.a(strrchr.o) autocall
  STRRCHR       008410
          PC    0084A0  0000C4  $LIB/libc.a(putenv.o) autocall
  PUTENV        0084A4
          PC    008568  0000C8  $LIB/libc.a(fgets.o) autocall
  FGETS         008568
          PC    008630  000080  $LIB/libc.a(strlen.o) autocall
  STRLEN        008630
          PC    0086B0  0000D0  $LIB/libc.a(getenv.o) autocall
  GETENV        0086B0
          PC    008780  000208  $LIB/libc.a(@@isbuf.o) autocall
  @@ISBUF       008984
          PC    008988  000074  $LIB/libc.a(@@tzset.o) autocall
  @@TZSET       008988
          PC    008A00  00003C  $LIB/libc.a(@@freem.o) autocall
  @@FREEM       008A00
          PC    008A40  0000B8  $LIB/libc.a(@@getm.o) autocall
  @@GETM        008A40
          PC    008AF8  000388  $LIB/libc.a(@@wtotb.o) autocall
  @@WTOTB       008AF8
          PC    008E80  000180  $LIB/libc.a(wto.o) autocall
  WTO           008E80
          PC    009000  000078  $LIB/libc.a(strcpy.o) autocall
  STRCPY        009000
          PC    009078  000494  $LIB/libc.a(vvprintf.o) autocall
  VVPRINTF      009088
          PC    009510  0000C8  $LIB/libc.a(strstr.o) autocall
  STRSTR        009510
          PC    0095D8  000184  $LIB/libc.a(@@gtdsab.o) autocall
  @@GTDSAB      0095E0
          PC    009760  000204  $LIB/libc.a(@@ddbusy.o) autocall
  @@DDBUSY      009760
          PC    009968  0009A4  $LIB/libc.a(@@aopen.o) autocall
  @@AOPEN       009968
          PC    00A310  0000CC  $LIB/libc.a(@@rdjfcb.o) autocall
  @@RDJFCB      00A310
          PC    00A3E0  0000AC  $LIB/libc.a(@@txrddn.o) autocall
  @@TXRDDN      00A3E0
          PC    00A490  0000A8  $LIB/libc.a(@@txterm.o) autocall
  @@TXTERM      00A490
          PC    00A538  0000A8  $LIB/libc.a(@@txperm.o) autocall
  @@TXPERM      00A538
          PC    00A5E0  0000B0  $LIB/libc.a(@@txshr.o) autocall
  @@TXSHR       00A5E4
          PC    00A690  000198  $LIB/libc.a(@@txorg.o) autocall
  @@TXORG       00A710
          PC    00A828  000164  $LIB/libc.a(@@txrecf.o) autocall
  @@TXRECF      00A840
          PC    00A990  00016C  $LIB/libc.a(@@txlrec.o) autocall
  @@TXLREC      00A990
          PC    00AB00  0000CC  $LIB/libc.a(@@txsyso.o) autocall
  @@TXSYSO      00AB00
          PC    00ABD0  0000B0  $LIB/libc.a(strspn.o) autocall
  STRSPN        00ABD0
          PC    00AC80  0000A8  $LIB/libc.a(strcspn.o) autocall
  STRCSPN       00AC80
          PC    00AD28  0000F4  $LIB/libc.a(@@txbksz.o) autocall
  @@TXBKSZ      00AD28
          PC    00AE20  000098  $LIB/libc.a(@@svc99.o) autocall
  @@SVC99       00AE20
          PC    00AEB8  0000C8  $LIB/libc.a(@@frtx9a.o) autocall
  @@FRTX9A      00AEB8
          PC    00AF80  0001B8  $LIB/libc.a(@@txdsn.o) autocall
  @@TXDSN       00AF80
          PC    00B138  0000B0  $LIB/libc.a(@@txnew.o) autocall
  @@TXNEW       00B13C
          PC    00B1E8  0000B0  $LIB/libc.a(@@txcat.o) autocall
  @@TXCAT       00B1EC
          PC    00B298  0000A8  $LIB/libc.a(@@txcyl.o) autocall
  @@TXCYL       00B298
          PC    00B340  0000A8  $LIB/libc.a(@@txtrk.o) autocall
  @@TXTRK       00B340
          PC    00B3E8  0000D8  $LIB/libc.a(@@txblk.o) autocall
  @@TXBLK       00B3E8
          PC    00B4C0  0003B8  $LIB/libc.a(@@txspac.o) autocall
  @@TXSPAC      00B4C8
          PC    00B878  0000C0  $LIB/libc.a(@@txunit.o) autocall
  @@TXUNIT      00B878
          PC    00B938  0000B0  $LIB/libc.a(@@txold.o) autocall
  @@TXOLD       00B93C
          PC    00B9E8  0000A8  $LIB/libc.a(@@txrlse.o) autocall
  @@TXRLSE      00B9E8
          PC    00BA90  000284  $LIB/libc.a(@@txvols.o) autocall
  @@TXVOLS      00BA94
          PC    00BD18  000514  $LIB/libc.a(@@fgetc.o) autocall
  @@FGETC       00BD2C
          PC    00C230  000104  $LIB/libc.a(@@ardel.o) autocall
  @@ARDEL       00C238
          PC    00C338  0002A3  $LIB/libc.a(@@awrite.o) autocall
  @@AWRITE      00C338
          PC    00C5E0  00015E  $LIB/libc.a(@@atrout.o) autocall
  @@ATROUT      00C5E0
          PC    00C740  00013C  $LIB/libc.a(@@fpfree.o) autocall
  @@FPFREE      00C740
          PC    00C880  00085C  $LIB/libc.a(@@dblcvt.o) autocall
  @@DBLCVT      00C880
          PC    00D0E0  001278  $LIB/libc.a(@@examin.o) autocall
  @@EXAMIN      00D114
          PC    00E358  000338  $LIB/libc.a(@@fwrite.o) autocall
  @@FWRITE      00E358
          PC    00E690  0002C4  $LIB/libc.a(setenv.o) autocall
  SETENV        00E690
          PC    00E958  0000F8  $LIB/libc.a(@@fgets.o) autocall
  @@FGETS       00E958
          PC    00EA50  000168  $LIB/libc.a(@@finden.o) autocall
  @@FINDEN      00EA50
          PC    00EBB8  0004A0  $LIB/libc.a(@@@try.o) autocall
  @@@TRY        00EF70
  @@@TRYRC      00EFDC
          PC    00F058  000058  $LIB/libc.a(wtoline.o) autocall
  WTOLINE       00F058
          PC    00F0B0  000200  $LIB/libc.a(@@fputc.o) autocall
  @@FPUTC       00F0B0
          PC    00F2B0  0000CC  $LIB/libc.a(@@fputs.o) autocall
  @@FPUTS       00F2B0
          PC    00F380  0000C0  $LIB/libc.a(@@nwtx99.o) autocall
  @@NWTX99      00F380
          PC    00F440  0000C4  $LIB/libc.a(strcmp.o) autocall
  STRCMP        00F440
          PC    00F508  000088  $LIB/libc.a(@@frtx99.o) autocall
  @@FRTX99      00F508
          PC    00F590  000158  $LIB/libc.a(@@nwtx9a.o) autocall
  @@NWTX9A      00F590
          PC    00F6E8  0004C1  $LIB/libc.a(@@aread.o) autocall
  @@AREAD       00F6E8
          PC    00FBB0  000084  $LIB/libc.a(memchr.o) autocall
  MEMCHR        00FBB0
          PC    00FC38  0000B4  $LIB/libc.a(@@txddn.o) autocall
  @@TXDDN       00FC38
          PC    00FCF0  0000A8  $LIB/libc.a(@@txunal.o) autocall
  @@TXUNAL      00FCF0
          PC    00FD98  0000BC  $LIB/libc.a(memmove.o) autocall
  MEMMOVE       00FD98
          PC    00FE58  0000A8  $LIB/libc.a(@@64fi32.o) autocall
  @@64FI32      00FE58
          PC    00FF00  0000F0  $LIB/libc.a(@@64dmod.o) autocall
  @@64DMOD      00FF00
          PC    00FFF0  000074  $LIB/libc.a(@@64ti32.o) autocall
  @@64TI32      00FFF0
          PC    010068  000070  $LIB/libc.a(@@64copy.o) autocall
  @@64COPY      010068
          PC    0100D8  000080  $LIB/libc.a(@@64is0.o) autocall
  @@64IS0       0100D8
          PC    010158  0000E0  $LIB/libc.a(strcasecmp.o) autocall
  STRCASEC      010158
          PC    010238  000312  $LIB/libc.a(@@estae.o) autocall
  @@ESTAE       01030C
          PC    010550  0003F8  $LIB/libc.a(@@ppahrv.o) autocall
  @@PPAHRV      010564
          PC    010948  0000A8  $LIB/libc.a(@@64su32.o) autocall
  @@64SU32      010948
          PC    0109F0  0001F8  $LIB/libc.a(@@64div.o) autocall
  @@64DIV       0109F0
          PC    010BE8  0002C8  $LIB/libc.a(@@64mul.o) autocall
  @@64MUL       010C54
          PC    010EB0  0000C4  $LIB/libc.a(@@64sub.o) autocall
  @@64SUB       010EB0
          PC    010F78  0000C0  $LIB/libc.a(fputs.o) autocall
  FPUTS         010F78
          PC    011038  000074  $LIB/libc.a(@@64fu32.o) autocall
  @@64FU32      011038
          PC    0110B0  000090  $LIB/libc.a(@@64lsh1.o) autocall
  @@64LSH1      0110B0
          PC    011140  0000C4  $LIB/libc.a(@@64cmp.o) autocall
  @@64CMP       011140
          PC    011208  0000CC  $LIB/libc.a(@@64rsh1.o) autocall
  @@64RSH1      011208
          PC    0112D8  000064  $LIB/libc.a(@@64init.o) autocall
  @@64INIT      0112D8
          PC    011340  000090  $LIB/libc.a(@@64or.o) autocall
  @@64OR        011340
          PC    0113D0  000140  $LIB/libc.a(@@64lshw.o) autocall
  @@64LSHW      01140C
          PC    011510  0000B8  $LIB/libc.a(@@64add.o) autocall
  @@64ADD       011510

UNRESOLVED
@@STKLEN  WX
CTHREAD   WX
