                                               EXTERNAL SYMBOL DICTIONARY                                      PAGE    1
SYMBOL   TYPE  ID   ADDR  LENGTH LDID                                                         ASM370 0100 17.06 10/05/26
          PC  0001 000000 0000F8
@@CRT0    ER  0002
@@MAIN    LD       000008        0001
MAIN      LD       000014        0001
ATOI      ER  0003
ADDUP     ER  0004
REPORT    ER  0005
                                                                                                               PAGE    2
  LOC  OBJECT CODE    ADDR1 ADDR2  STMT   SOURCE STATEMENT                                    ASM370 0100 17.06 10/05/26
                                      1          PRINT OFF
                                     90          PRINT ON
000000                               91          CSECT
                                     92 * Program text area
000000                               93          DS    0F
000000 C3C3F3F7F0010400              94          DC    C'CC370',AL1(1,4,0)
                                     95          EXTRN @@CRT0
                                     96          ENTRY @@MAIN
000008                               97 @@MAIN   DS    0H
000008 05F0                          98          BALR  15,0
                            0000A    99          USING *,15
00000A 58F0 F006      00010         100          L     15,=V(@@CRT0)
00000E 07FF                         101          BR    15
                                    102          DROP  15
000010                              103          LTORG
000010 00000000                     104                =V(@@CRT0)
                                    105 * X-func main prologue
                                    106 MAIN     PDPPRLG CINDEX=0,FRAME=176,BASER=12,ENTRY=YES
                                    107+         PRINT OFF                                                      00000702
                                    108+         PRINT ON                                                       00001702
                                    109+         ENTRY MAIN                                                     00002000
000014                              110+MAIN     DS    0H                                                       00002200
                            00014   111+         USING *,12                                                     00002300
000014 47F0 F00A      0000A         112+         B     10(0,15)
000018 04                           113+         DC    AL1(4)
000019 D4C1C9D5                     114+         DC    CL4'MAIN'
00001D 00
00001E 90EC D00C      0000C         115+         STM   14,12,12(13)
000022 41C0 F000      00000         116+         LA    12,0(,15)                                                00003000
000026 58F0 D04C      0004C         117+         L     15,76(,13)                                               00003100
00002A 50D0 F004      00004         118+         ST    13,4(,15)                                                00003200
00002E 50F0 D008      00008         119+         ST    15,8(,13)                                                00003300
000032 18DF                         120+         LR    13,15                                                    00003400
000034 41F0 F0B0      000B0         121+         LA    15,176(,15)                                              00003800
000038 50FD 004C      0004C         122+         ST    15,76(13)                                                00004100
00003C 47F0 C02C      00040         123          B     @@FEN0
000040                              124          LTORG
                            00040   125 @@FEN0   EQU   *
                                    126          DROP  12
000040 05C0                         127          BALR  12,0
                            00042   128          USING *,12
                            00042   129 @@PG0    EQU   *
000042 18B1                         130          LR    11,1
000044 58A0 C09E      000E0         131          L     10,=A(@@PGT0)
                                    132 * Function main code
000048 1F66                         133          SLR   6,6
00004A 1F77                         134          SLR   7,7
00004C 588B 0000      00000         135          L     8,0(11)
000050 589B 0004      00004         136          L     9,4(11)
000054 1F55                         137          SLR   5,5
000056 4140 0001      00001         138          LA    4,1(0,0)
00005A 1948                         139          CR    4,8
00005C 47B0 C058      0009A         140          BNL   @@L3
                            00060   141 @@L5     EQU   *
000060 1835                         142          LR    3,5
                                                                                                               PAGE    3
  LOC  OBJECT CODE    ADDR1 ADDR2  STMT   SOURCE STATEMENT                                    ASM370 0100 17.06 10/05/26
000062 8930 0002      00002         143          SLL   3,2
000066 1824                         144          LR    2,4
000068 8920 0002      00002         145          SLL   2,2
00006C 5822 9000      00000         146          L     2,0(2,9)
000070 502D 0058      00058         147          ST    2,88(13)
000074 5A50 C0A2      000E4         148          A     5,=F'1'
000078 4110 D058      00058         149          LA    1,88(,13)
00007C 58F0 C0A6      000E8         150          L     15,=V(ATOI)
000080 05EF                         151          BALR  14,15
000082 50F3 D060      00060         152          ST    15,96(3,13)
000086 5A40 C0A2      000E4         153          A     4,=F'1'
00008A 1948                         154          CR    4,8
00008C 47B0 C058      0009A         155          BNL   @@L3
000090 4120 0013      00013         156          LA    2,19(0,0)
000094 1952                         157          CR    5,2
000096 47D0 C01E      00060         158          BNH   @@L5
                            0009A   159 @@L3     EQU   *
00009A 58C0 A000      00000         160          L     12,0(,10)
00009E 505D 0058      00058         161          ST    5,88(13)
0000A2 4120 D060      00060         162          LA    2,96(,13)
0000A6 502D 005C      0005C         163          ST    2,92(13)
0000AA 4110 D058      00058         164          LA    1,88(,13)
0000AE 58F0 C0AA      000EC         165          L     15,=V(ADDUP)
0000B2 05EF                         166          BALR  14,15
0000B4 50FD 0058      00058         167          ST    15,88(13)
0000B8 186F                         168          LR    6,15
0000BA 8E60 0020      00020         169          SRDA  6,32
0000BE 1D65                         170          DR    6,5
0000C0 507D 005C      0005C         171          ST    7,92(13)
0000C4 4110 D058      00058         172          LA    1,88(,13)
0000C8 58F0 C0AE      000F0         173          L     15,=V(REPORT)
0000CC 05EF                         174          BALR  14,15
0000CE 1FFF                         175          SLR   15,15
                                    176 * Function main epilogue
                                    177          PDPEPIL
                                    178+         PRINT OFF                                                      00000702
                                    179+         PRINT ON                                                       00001702
0000D0 58D0 D004      00004         180+         L     13,4(,13)                                                00001900
0000D4 58ED 000C      0000C         181+         L     14,12(13,0)
0000D8 980C D014      00014         182+         LM    0,12,20(13)
0000DC 07FE                         183+         BR    14
                                    184 * Function main literal pool
0000E0                              185          DS    0F
0000E0                              186          LTORG
0000E0 000000F4                     187                =A(@@PGT0)
0000E4 00000001                     188                =F'1'
0000E8 00000000                     189                =V(ATOI)
0000EC 00000000                     190                =V(ADDUP)
0000F0 00000000                     191                =V(REPORT)
                                    192 * Function main page table
0000F4                              193          DS    0F
                            000F4   194 @@PGT0   EQU   *
0000F4 00000042                     195          DC    A(@@PG0)
000008                              196          END   @@MAIN
                                                  RELOCATION DICTIONARY                                        PAGE    4
POS.ID   REL.ID   FLAGS   ADDRESS                                                             ASM370 0100 17.06 10/05/26
 0001     0001      0C     0000E0
 0001     0001      0C     0000F4
 0001     0002      1C     000010
 0001     0003      1C     0000E8
 0001     0004      1C     0000EC
 0001     0005      1C     0000F0
                                                  CROSS-REFERENCE                                              PAGE    5
SYMBOL    LEN   VALUE   DEFN    REFERENCES                                                    ASM370 0100 17.06 10/05/26
@@CRT0   00001 00000000 00095
@@FEN0   00001 00000040 00125  00123
@@L3     00001 0000009A 00159  00140 00155
@@L5     00001 00000060 00141  00158
@@MAIN   00002 00000008 00097  00096 00196
@@PGT0   00001 000000F4 00194  00187
@@PG0    00001 00000042 00129  00195
DSA      00001 00000000 00068
DSAFLAGS 00004 00000000 00069
DSALWA   00004 00000048 00087
DSANAB   00004 0000004C 00088
DSANEXT  00004 00000008 00071
DSAPREV  00004 00000004 00070
DSAR0    00004 00000014 00074
DSAR1    00004 00000018 00075
DSAR10   00004 0000003C 00084
DSAR11   00004 00000040 00085
DSAR12   00004 00000044 00086
DSAR14   00004 0000000C 00072
DSAR15   00004 00000010 00073
DSAR2    00004 0000001C 00076
DSAR3    00004 00000020 00077
DSAR4    00004 00000024 00078
DSAR5    00004 00000028 00079
DSAR6    00004 0000002C 00080
DSAR7    00004 00000030 00081
DSAR8    00004 00000034 00082
DSAR9    00004 00000038 00083
MAIN     00002 00000014 00110  00109
R0       00001 00000000 00051
R1       00001 00000001 00052
R10      00001 0000000A 00061
R11      00001 0000000B 00062
R12      00001 0000000C 00063
R13      00001 0000000D 00064
R14      00001 0000000E 00065
R15      00001 0000000F 00066
R2       00001 00000002 00053
R3       00001 00000003 00054
R4       00001 00000004 00055
R5       00001 00000005 00056
R6       00001 00000006 00057
R7       00001 00000007 00058
R8       00001 00000008 00059
R9       00001 00000009 00060
                                                  LITERAL CROSS-REFERENCE                                      PAGE    6
SYMBOL    LEN   VALUE   DEFN    REFERENCES                                                    ASM370 0100 17.06 10/05/26
=V(@@CRT0)
         00004 00000010 00104  00100
=A(@@PGT0)
         00004 000000E0 00187  00131
=F'1'    00004 000000E4 00188  00148 00153
=V(ATOI) 00004 000000E8 00189  00150
=V(ADDUP)
         00004 000000EC 00190  00165
=V(REPORT)
         00004 000000F0 00191  00173
