                                               EXTERNAL SYMBOL DICTIONARY                                      PAGE    1
SYMBOL   TYPE  ID   ADDR  LENGTH LDID                                                         ASM370 0100 16.07 10/04/26
HELLO     SD  0001 000000 00000E
                                                                                                               PAGE    2
  LOC  OBJECT CODE    ADDR1 ADDR2  STMT   SOURCE STATEMENT                                    ASM370 0100 16.07 10/04/26
000000                                1 HELLO    CSECT
                            00000     2          USING HELLO,15
000000 1BFF                           3          SR    15,15
000002 07FE                           4          BR    14
000004 C8C5D3D3D66B40D4               5 MSG      DC    C'HELLO, MVS'
000000                                6          END   HELLO
                                                  CROSS-REFERENCE                                              PAGE    3
SYMBOL    LEN   VALUE   DEFN    REFERENCES                                                    ASM370 0100 16.07 10/04/26
HELLO    00001 00000000 00001  00002 00006
MSG      00010 00000004 00005
